---
source: src/tui/screens/qso_entry.rs
expression: terminal.backend()
---
"┌ QSO Entry ───────────────────────────────────────────────────────────────────┐"
"│[1H EPA]  0 QSOs                                                              │"
"│W1AW @ - (FN31)    Band: 20M  Mode: SSB                                       │"
"│QSOs today: 0 / 10  [Activated!]                                              │"
"│┌Their Callsign *────────┐┌Their Class (e.g. 2H) *─┐┌Their Section *─────────┐│"
"││█                       ││                        ││                        ││"
"│└────────────────────────┘└────────────────────────┘└────────────────────────┘│"
"│┌Frequency (kHz) *────────────────────┐┌Comments─────────────────────────────┐│"
"││                                     ││                                     ││"
"│└─────────────────────────────────────┘└─────────────────────────────────────┘│"
"│ Recent QSOs ─────────────────────────────────────────────────────────────────│"
"│                                                                              │"
"│                                                                              │"
"│                                                                              │"
"│                                                                              │"
"│                                                                              │"
"│                                                                              │"
"│                                                                              │"
"│                                                                              │"
"│                                                                              │"
"│                                                                              │"
"│                                                                              │"
"│Tab/Shift+Tab: next/prev  Alt+b/m: band/mode (Shift: reverse)  Alt+e: edit  Al│"
"└──────────────────────────────────────────────────────────────────────────────┘"
